---
source: tests/d1.rs
expression: "parse_ids(EXAMPLE).collect::<Vec<_>>()"
---
[
    (
        3,
        4,
    ),
    (
        4,
        3,
    ),
    (
        2,
        5,
    ),
    (
        1,
        3,
    ),
    (
        3,
        9,
    ),
    (
        3,
        3,
    ),
]
