---
source: tests/d5.rs
expression: example_almanac_config
---
AlmanacConfig {
    seeds: [
        Id {
            value: RawId(
                79,
            ),
            space: Seed,
        },
        Id {
            value: RawId(
                80,
            ),
            space: Seed,
        },
        Id {
            value: RawId(
                81,
            ),
            space: Seed,
        },
        Id {
            value: RawId(
                82,
            ),
            space: Seed,
        },
        Id {
            value: RawId(
                83,
            ),
            space: Seed,
        },
        Id {
            value: RawId(
                84,
            ),
            space: Seed,
        },
        Id {
            value: RawId(
                85,
            ),
            space: Seed,
        },
        Id {
            value: RawId(
                86,
            ),
            space: Seed,
        },
        Id {
            value: RawId(
                87,
            ),
            space: Seed,
        },
        Id {
            value: RawId(
                88,
            ),
            space: Seed,
        },
        Id {
            value: RawId(
                89,
            ),
            space: Seed,
        },
        Id {
            value: RawId(
                90,
            ),
            space: Seed,
        },
        Id {
            value: RawId(
                91,
            ),
            space: Seed,
        },
        Id {
            value: RawId(
                92,
            ),
            space: Seed,
        },
        Id {
            value: RawId(
                55,
            ),
            space: Seed,
        },
        Id {
            value: RawId(
                56,
            ),
            space: Seed,
        },
        Id {
            value: RawId(
                57,
            ),
            space: Seed,
        },
        Id {
            value: RawId(
                58,
            ),
            space: Seed,
        },
        Id {
            value: RawId(
                59,
            ),
            space: Seed,
        },
        Id {
            value: RawId(
                60,
            ),
            space: Seed,
        },
        Id {
            value: RawId(
                61,
            ),
            space: Seed,
        },
        Id {
            value: RawId(
                62,
            ),
            space: Seed,
        },
        Id {
            value: RawId(
                63,
            ),
            space: Seed,
        },
        Id {
            value: RawId(
                64,
            ),
            space: Seed,
        },
        Id {
            value: RawId(
                65,
            ),
            space: Seed,
        },
        Id {
            value: RawId(
                66,
            ),
            space: Seed,
        },
        Id {
            value: RawId(
                67,
            ),
            space: Seed,
        },
    ],
    maps: [
        Map {
            from_space: "seed",
            to_space: "soil",
            entries: [
                MapEntry {
                    start_id_from: RawId(
                        50,
                    ),
                    start_id_to: RawId(
                        52,
                    ),
                    size: 48,
                },
                MapEntry {
                    start_id_from: RawId(
                        98,
                    ),
                    start_id_to: RawId(
                        50,
                    ),
                    size: 2,
                },
            ],
        },
        Map {
            from_space: "soil",
            to_space: "fertilizer",
            entries: [
                MapEntry {
                    start_id_from: RawId(
                        0,
                    ),
                    start_id_to: RawId(
                        39,
                    ),
                    size: 15,
                },
                MapEntry {
                    start_id_from: RawId(
                        15,
                    ),
                    start_id_to: RawId(
                        0,
                    ),
                    size: 37,
                },
                MapEntry {
                    start_id_from: RawId(
                        52,
                    ),
                    start_id_to: RawId(
                        37,
                    ),
                    size: 2,
                },
            ],
        },
        Map {
            from_space: "fertilizer",
            to_space: "water",
            entries: [
                MapEntry {
                    start_id_from: RawId(
                        0,
                    ),
                    start_id_to: RawId(
                        42,
                    ),
                    size: 7,
                },
                MapEntry {
                    start_id_from: RawId(
                        7,
                    ),
                    start_id_to: RawId(
                        57,
                    ),
                    size: 4,
                },
                MapEntry {
                    start_id_from: RawId(
                        11,
                    ),
                    start_id_to: RawId(
                        0,
                    ),
                    size: 42,
                },
                MapEntry {
                    start_id_from: RawId(
                        53,
                    ),
                    start_id_to: RawId(
                        49,
                    ),
                    size: 8,
                },
            ],
        },
        Map {
            from_space: "water",
            to_space: "light",
            entries: [
                MapEntry {
                    start_id_from: RawId(
                        18,
                    ),
                    start_id_to: RawId(
                        88,
                    ),
                    size: 7,
                },
                MapEntry {
                    start_id_from: RawId(
                        25,
                    ),
                    start_id_to: RawId(
                        18,
                    ),
                    size: 70,
                },
            ],
        },
        Map {
            from_space: "light",
            to_space: "temperature",
            entries: [
                MapEntry {
                    start_id_from: RawId(
                        45,
                    ),
                    start_id_to: RawId(
                        81,
                    ),
                    size: 19,
                },
                MapEntry {
                    start_id_from: RawId(
                        64,
                    ),
                    start_id_to: RawId(
                        68,
                    ),
                    size: 13,
                },
                MapEntry {
                    start_id_from: RawId(
                        77,
                    ),
                    start_id_to: RawId(
                        45,
                    ),
                    size: 23,
                },
            ],
        },
        Map {
            from_space: "temperature",
            to_space: "humidity",
            entries: [
                MapEntry {
                    start_id_from: RawId(
                        0,
                    ),
                    start_id_to: RawId(
                        1,
                    ),
                    size: 69,
                },
                MapEntry {
                    start_id_from: RawId(
                        69,
                    ),
                    start_id_to: RawId(
                        0,
                    ),
                    size: 1,
                },
            ],
        },
        Map {
            from_space: "humidity",
            to_space: "location",
            entries: [
                MapEntry {
                    start_id_from: RawId(
                        56,
                    ),
                    start_id_to: RawId(
                        60,
                    ),
                    size: 37,
                },
                MapEntry {
                    start_id_from: RawId(
                        93,
                    ),
                    start_id_to: RawId(
                        56,
                    ),
                    size: 4,
                },
            ],
        },
    ],
}
