---
source: tests/d6.rs
expression: "Races::new(EXAMPLE_PART_1)"
---
Races {
    time: [
        7,
        15,
        30,
    ],
    distance: [
        9,
        40,
        200,
    ],
}
